✔ research-web-bootstrap workflow covers every deterministic policy matcher (6.939166ms)
✔ Docker runtime test paths retain required Native bootstrap coverage (0.616ms)
✔ documentation-only changes use only the lightweight constraints workflow (0.420208ms)
✔ installation changes trigger the GitHub macOS bootstrap gate (0.817458ms)
✔ reopened platform scope selects Windows verification without automatic dispatch (0.523584ms)
✔ focused CI path automatically triggers both required Web workflows: .github/workflows/research-web-bootstrap.yml (0.287875ms)
✔ focused CI path automatically triggers both required Web workflows: .github/workflows/research-web-windows-verify.yml (0.166708ms)
✔ focused CI path automatically triggers both required Web workflows: tests/javascript/actions_quota_governance.test.mjs (0.178542ms)
✔ Bootstrap has exactly one macOS clean-install job and its intended triggers (1.33225ms)
✔ macOS bootstrap proves product readiness and browser assets (0.458167ms)
✔ workflow job parser detects unquoted and quoted extra job keys (0.6855ms)
✔ ordinary Research Web code uses Linux checks without unnecessary native jobs (0.274666ms)
✔ platform workflows retain explicit routing boundaries (0.167791ms)
✔ Windows verification executes the public installer and launcher contract (0.207708ms)
✔ automatic workflows cancel stale runs and use bounded jobs (0.211125ms)
✔ Web evidence retention is short and full logs upload only on failure (0.121459ms)
✔ Docker CI is dispatched by the Linux device for an exact commit (2.503458ms)
✔ repository Markdown governance is complete (158.985084ms)
✔ current-product entry explains both Web runtimes without changing the Native default (1.925542ms)
✔ valid classification, authority, link and anchor pass (7.251ms)
✔ unclassified Markdown fails closed (4.2835ms)
✔ duplicate authority topic fails closed (3.38075ms)
✔ broken relative link and anchor fail closed (4.07925ms)
✔ retired command in current documentation fails closed (2.511333ms)
✔ archived Markdown requires an explicit historical banner (2.634459ms)
✔ portable text families have explicit stable line endings (49.042084ms)
✔ vendored hash-sensitive trees remain byte stable (36.443375ms)
✔ machine-local environments state logs data and secrets stay outside Git (417.7505ms)
✔ local integration API deep links select their own real Atlas category (1.615875ms)
✔ reading modules cannot silently deep link to an absent API category (106.00675ms)
✔ narrow source owners require their own docs without unrelated protocol churn (122.416792ms)
✔ actual framework route owners retain API/security obligations while collector leaves stay narrow (101.021ms)
✔ portable offline fixture validates all baseline diagrams and ignores development absolute paths (52.672416ms)
✔ dual-runtime production paths and deployment branches have current architecture evidence (0.758208ms)
✔ root README participates in local Markdown link validation (54.931458ms)
✔ Research Web, CLI, entrypoint, and package changes require the README review receipt in the changed set (242.369ms)
✔ missing README review configuration fails closed (50.365667ms)
✔ README review configuration cannot weaken or redirect the canonical gate (498.519083ms)
✔ updated README review requires README.md in the changed set (49.391833ms)
✔ malformed, non-exact, or empty unchanged README reviews fail closed (182.620625ms)
✔ README review receipt must be a regular in-repository file (48.079417ms)
✔ valid updated and unchanged README reviews pass their changed-set rules (94.874333ms)
✔ API Atlas distinguishes unique operations from overlapping source declarations (76.289042ms)
✔ generated pages detect API set drift, regenerate deterministically, and check without writes (340.176084ms)
✔ reading workbench retains canonical entries and adds accessible reading controls (46.569375ms)
✔ reading controls are driven by escaped inventory rather than hardcoded module names (76.192834ms)
✔ product brand is embedded as its original bounded PNG bytes and rejects aliases (136.05875ms)
✔ reading script filters source paths, reports empty state, handles opaque themes and reveals hash targets (48.656375ms)
✔ architecture gate detects equal-count stale Atlas entries (52.372917ms)
✔ removing one API from a nonempty inventory detects residual output (164.304375ms)
✔ API display text is escaped and unsafe methods or source paths are rejected (188.755125ms)
✔ new registered diagrams still require artifacts and same-hash review evidence (53.428084ms)
✔ generator rejects dangling output and log symlinks without writing outside the project (224.288166ms)
✔ fixed documentation names reject missing, extra and duplicate registered-view routes (0.423125ms)
✔ product overview cannot disappear with the optional legacy fixture reading metadata (48.67575ms)
✔ product documentation cannot lose the layered reading metadata (75.169792ms)
✔ changed source requires module documentation and review: app/research_web/main.py (54.198625ms)
✔ changed source requires module documentation and review: app/research_web/runtime/guard.mjs (57.305791ms)
✔ changed source requires module documentation and review: app/research_web/ui/styles.css (52.718625ms)
✔ changed source requires module documentation and review: app/research_web/skills/demo/SKILL.md (52.488958ms)
✔ changed source requires module documentation and review: app/research_web/runtime/research.cordis.yml (52.37725ms)
✔ explicit unchanged reason permits unchanged diagrams, but changed structure requires graph changes (58.366334ms)
✔ task-scoped architecture receipt replaces the cumulative review record (55.708709ms)
✔ task-scoped architecture receipt requires a meaningful marker (55.3285ms)
✔ old HTML after graph change (52.523917ms)
✔ changed HTML without new receipt (52.5895ms)
✔ stale API (53.876125ms)
✔ new API omitted (51.665125ms)
✔ wrong API prefix (53.13925ms)
✔ unmounted router (51.654708ms)
✔ missing source (51.874792ms)
✔ missing test (50.254416ms)
✔ broken document link (51.890834ms)
✔ broken document anchor (52.635334ms)
✔ broken HTML entry link (53.536042ms)
✔ unmapped new research module (52.131333ms)
✔ missing graph subject evidence (53.580833ms)
✔ stale human review hash (53.562208ms)
✔ duplicate human capture is not two reviewed screenshots (50.870084ms)
✔ missing screenshot (56.494541ms)
✔ only three viewports (54.341792ms)
✔ showcase warning (53.410292ms)
✔ incomplete diagram inventory (50.810792ms)
✔ symlink reference (49.467916ms)
✔ Git base includes committed, unstaged and untracked sources; invalid base fails closed (605.872125ms)
✔ project constraints delegates to the same architecture gate (68.477084ms)
✔ settings contains a fixed read-only architecture entry with opener isolation (0.387959ms)
✔ invalid top-level map fails closed: null (79.098917ms)
✔ invalid top-level map fails closed: false (80.484208ms)
✔ invalid top-level map fails closed: 0 (95.138333ms)
✔ invalid top-level map fails closed: "" (80.477208ms)
✔ invalid top-level map fails closed: [] (250.946125ms)
✔ invalid top-level map fails closed: "not a map" (143.929667ms)
✔ keyword API cannot bypass inventory: @app.get(path="/api/research/hidden") (82.910708ms)
✔ keyword API cannot bypass inventory: @app.get(summary="Hidden", path="/api/research/hidden") (58.425459ms)
✔ keyword API cannot bypass inventory: @app.get(
    tags=["local", "docs"],
    path="/api/research/hidden",
) (63.738167ms)
✔ a mapped keyword API remains valid (56.0455ms)
✔ unsupported API declaration fails explicitly: @app.get(PATH) (117.468625ms)
✔ unsupported API declaration fails explicitly: @app.get(path=f"/api/research/{name}") (90.170166ms)
✔ unsupported API declaration fails explicitly: @app.api_route("/api/research/hidden", methods=["GET"]) (61.618833ms)
✔ fixed artifact boundary rejects artifact: outputs/research-web-architecture/../outside.html (74.478166ms)
✔ fixed artifact boundary rejects artifact: outputs/research-web-architecture/wrong-name.html (62.695584ms)
✔ fixed artifact boundary rejects receipt: outputs/research-web-architecture/../outside.receipt.json (52.766583ms)
✔ fixed artifact boundary rejects receipt: outputs/research-web-architecture/wrong-name.receipt.json (52.531542ms)
✔ fixed artifact boundary rejects visualReceipt: outputs/research-web-architecture/../outside.visual-check.json (55.607417ms)
✔ fixed artifact boundary rejects visualReceipt: outputs/research-web-architecture/wrong-name.visual-check.json (61.760125ms)
✔ actual CI shell stops when git diff cannot resolve the base (77.119708ms)
✔ actual CI shell preserves NUL-delimited filenames as single arguments (473.138125ms)
✔ API directory preserves declaration rows and exposes accessible lookup controls (48.624416ms)
✔ API filters combine domain, method and search while counting duplicate declarations (56.915583ms)
ℹ tests 110
ℹ suites 0
ℹ pass 110
ℹ fail 0
ℹ cancelled 0
ℹ skipped 0
ℹ todo 0
ℹ duration_ms 7677.274166
